<?xml version="1.0" encoding="utf-8"?>
<TestResults>
  <!-- Generated using FPCUnit on 2018-02-16 23:26:56-->
  <TestListing>
    <TestSuite Name="" ElapsedTime="00:00:00.000" NumberOfErrors="0" NumberOfFailures="0" NumberOfRunTests="1" NumberOfIgnoredTests="0">
      <TestSuite Name="TTestCase1" ElapsedTime="00:00:00.000" NumberOfErrors="0" NumberOfFailures="0" NumberOfRunTests="1" NumberOfIgnoredTests="0">
        <Test Name="TestHookUp" Result="OK" ElapsedTime="00:00:00.000"/>
      </TestSuite>
    </TestSuite>
  </TestListing>
  <Title>FPCUnit Console test runner</Title>
  <NumberOfRunTests>1</NumberOfRunTests>
  <NumberOfErrors>0</NumberOfErrors>
  <NumberOfFailures>0</NumberOfFailures>
  <NumberOfIgnoredTests>0</NumberOfIgnoredTests>
  <TotalElapsedTime>00:00:00.000</TotalElapsedTime>
  <DateTimeRan>2018-02-16 23:26:56</DateTimeRan>
</TestResults>